delimiter //

CREATE PROCEDURE mycursor1()
BEGIN
    DECLARE done INT DEFAULT 0;
    DECLARE  c_rollno int;
    DECLARE  c_name char(20);

    DECLARE  c_studentN CURSOR  for SELECT rollno,name FROM O_RollCall where rollno not in(select rollno from N_RollCall);

    DECLARE CONTINUE HANDLER FOR NOT FOUND SET done = 1;

    BEGIN
        OPEN c_studentN;
           read_loop:LOOP
               FETCH c_studentN into c_rollno, c_name;  
   
               IF done = 1 THEN
                  LEAVE read_loop;
               END IF;          
   
              insert into N_RollCall(rollno,name) values(c_rollno, c_name);

           END LOOP;
           CLOSE c_studentN;
    END;
END;

//

delimiter ;


Welcome to the MySQL monitor.  Commands end with ; or \g. mysql -h 192.168.2.232 -u TEB23 -p 
Your MySQL connection id is 19
Server version: 9.1.0 MySQL Community Server - GPL

Copyright (c) 2000, 2024, Oracle and/or its affiliates.

Oracle is a registered trademark of Oracle Corporation and/or its
affiliates. Other names may be trademarks of their respective
owners.

Type 'help;' or '\h' for help. Type '\c' to clear the current input statement.

mysql> create database curser;
Query OK, 1 row affected (0.03 sec)

mysql> use curser;
Database changed
mysql> create table N_RollCall(rollno int,name char(20));
Query OK, 0 rows affected (0.05 sec)

mysql> create table O_RollCall(rollno int,name char(20));
Query OK, 0 rows affected (0.05 sec)

mysql> insert into O_RollCall
    -> values(1,'samruddhi'),(2,'tanuja'),(3,'pratiksha'),(4,'Sayali');
Query OK, 4 rows affected (0.01 sec)
Records: 4  Duplicates: 0  Warnings: 0

mysql> insert into N_RollCall
    -> values(1,'tanuja),(5,'dhawal),(3,'samruddhi'),(6,'pratiksha');
ERROR 1064 (42000): You have an error in your SQL syntax; check the manual that corresponds to your MySQL server version for the right syntax to use near 'dhawal),(3,'samruddhi'),(6,'pratiksha')' at line 2
mysql> insert into N_RollCall values(1,'tanuja'),(5,'dhawal'),(3,'samruddhi'),(6,'pratiksha');
Query OK, 4 rows affected (0.03 sec)
Records: 4  Duplicates: 0  Warnings: 0

mysql> drop procedure if exists mycursor1;
Query OK, 0 rows affected, 1 warning (0.03 sec)

mysql> delimiter //
mysql>
mysql> CREATE PROCEDURE mycursor1()
    -> BEGIN
    ->     DECLARE done INT DEFAULT 0;
    ->     DECLARE  c_rollno int;
    ->     DECLARE  c_name char(20);
    ->
    ->     DECLARE  c_studentN CURSOR  for SELECT rollno,name FROM O_RollCall where rollno not in(select rollno from N_RollCall);
    ->
    ->     DECLARE CONTINUE HANDLER FOR NOT FOUND SET done = 1;
    ->
    ->     BEGIN
    ->         OPEN c_studentN;
    ->            read_loop:LOOP
    ->                FETCH c_studentN into c_rollno, c_name;
    ->
    ->                IF done = 1 THEN
    ->                   LEAVE read_loop;
    ->                END IF;
    ->
    ->               insert into N_RollCall(rollno,name) values(c_rollno, c_name);
    ->
    ->            END LOOP;
    ->            CLOSE c_studentN;
    ->     END;
    -> END;
    ->
    -> //
Query OK, 0 rows affected (0.01 sec)

mysql>
mysql> delimiter ;
mysql> call mycursor1;
Query OK, 0 rows affected (0.03 sec)

mysql> select * from N_RollCall;
+--------+-----------+
| rollno | name      |
+--------+-----------+
|      1 | tanuja    |
|      5 | dhawal    |
|      3 | samruddhi |
|      6 | pratiksha |
|      2 | tanuja    |
|      4 | Sayali    |
+--------+-----------+
6 rows in set (0.00 sec)

mysql> select * from O_RollCall;
+--------+-----------+
| rollno | name      |
+--------+-----------+
|      1 | samruddhi |
|      2 | tanuja    |
|      3 | pratiksha |
|      4 | Sayali    |
+--------+-----------+
4 rows in set (0.00 sec)

mysql>